ï¿½ï¿½Ê²Zï¿½ laï¿½ets Jul 29 2019 12:21:46

rst:0x1 (POWERON_RESET),boot:0x17 (SPI_FAST_FLASH_BOOT)
configsip: 0, SPIWP:0xee
clk_drv:0x00,q_drv:0x00,d_drv:0x00,cs0_drv:0x00,hd_drv:0x00,wp_drv:0x00
mode:DIO, clock div:2
load:0x3fff0030,len:7176
load:0x40078000,len:15564
ho 0 tail 12 room 4
load:0x40080400,len:4
load:0x40080404,len:3904
entry 0x40080640
[0;32mI (31) boot: ESP-IDF v5.3.1-dirty 2nd stage bootloader[0m
[0;32mI (31) boot: compile time May 20 2025 14:34:11[0m
[0;32mI (31) boot: Multicore bootloader[0m
[0;32mI (36) boot: chip revision: v3.1[0m
[0;32mI (40) boot.esp32: SPI Speed      : 40MHz[0m
[0;32mI (44) boot.esp32: SPI Mode       : DIO[0m
[0;32mI (49) boot.esp32: SPI Flash Size : 2MB[0m
[0;32mI (53) boot: Enabling RNG early entropy source...[0m
[0;32mI (59) boot: Partition Table:[0m
[0;32mI (62) boot: ## Label            Usage          Type ST Offset   Length[0m
[0;32mI (70) boot:  0 nvs              WiFi data        01 02 00009000 00006000[0m
[0;32mI (77) boot:  1 phy_init         RF data          01 01 0000f000 00001000[0m
[0;32mI (85) boot:  2 factory          factory app      00 00 00010000 00100000[0m
[0;32mI (92) boot: End of partition table[0m
[0;32mI (96) esp_image: segment 0: paddr=00010020 vaddr=3f400020 size=0c2c0h ( 49856) map[0m
[0;32mI (122) esp_image: segment 1: paddr=0001c2e8 vaddr=3ffb0000 size=02674h (  9844) load[0m
[0;32mI (126) esp_image: segment 2: paddr=0001e964 vaddr=40080000 size=016b4h (  5812) load[0m
[0;32mI (130) esp_image: segment 3: paddr=00020020 vaddr=400d0020 size=243d4h (148436) map[0m
[0;32mI (187) esp_image: segment 4: paddr=000443fc vaddr=400816b4 size=0cae8h ( 51944) load[0m
[0;32mI (215) boot: Loaded app from partition at offset 0x10000[0m
[0;32mI (215) boot: Disabling RNG early entropy source...[0m
[0;32mI (227) cpu_start: Multicore app[0m
[0;32mI (235) cpu_start: Pro cpu start user code[0m
[0;32mI (235) cpu_start: cpu freq: 160000000 Hz[0m
[0;32mI (235) app_init: Application information:[0m
[0;32mI (238) app_init: Project name:     vl53l0x_singleRanging[0m
[0;32mI (244) app_init: App version:      30d7625-dirty[0m
[0;32mI (250) app_init: Compile time:     May 20 2025 14:34:01[0m
[0;32mI (256) app_init: ELF file SHA256:  322f3da5f...[0m
[0;32mI (261) app_init: ESP-IDF:          v5.3.1-dirty[0m
[0;32mI (266) efuse_init: Min chip rev:     v0.0[0m
[0;32mI (271) efuse_init: Max chip rev:     v3.99 [0m
[0;32mI (276) efuse_init: Chip rev:         v3.1[0m
[0;32mI (281) heap_init: Initializing. RAM available for dynamic allocation:[0m
[0;32mI (288) heap_init: At 3FFAE6E0 len 00001920 (6 KiB): DRAM[0m
[0;32mI (294) heap_init: At 3FFB3538 len 0002CAC8 (178 KiB): DRAM[0m
[0;32mI (300) heap_init: At 3FFE0440 len 00003AE0 (14 KiB): D/IRAM[0m
[0;32mI (307) heap_init: At 3FFE4350 len 0001BCB0 (111 KiB): D/IRAM[0m
[0;32mI (313) heap_init: At 4008E19C len 00011E64 (71 KiB): IRAM[0m
[0;32mI (321) spi_flash: detected chip: generic[0m
[0;32mI (324) spi_flash: flash io: dio[0m
[0;33mW (328) spi_flash: Detected size(4096k) larger than the size in the binary image header(2048k). Using the size in the binary image header.[0m
[0;33mW (341) i2c: This driver is an old driver, please migrate your application code to adapt `driver/i2c_master.h`[0m
[0;32mI (352) main_task: Started on CPU0[0m
[0;32mI (362) main_task: Calling app_main()[0m
[0;32mI (362) gpio: GPIO[4]| InputEn: 0| OutputEn: 1| OpenDrain: 0| Pullup: 0| Pulldown: 0| Intr:0 [0m
API Status: 0 : No Error
VL53L0X API Version Error: Your firmware has 1.0.2 (revision 4823).
Call of VL53L0X_DataInit
API Status: -20 : Control Interface Error
